
> dru-edu-mob@1.0.0 test
> jest

node.exe : FAIL __tests__/sr
c/contexts/AuthContext.test.
tsx
At C:\Program 
Files\nodejs\npm.ps1:29 
char:3
+   & $NODE_EXE $NPM_CLI_JS 
$args
+   ~~~~~~~~~~~~~~~~~~~~~~~~
~~~~~
    + CategoryInfo          
    : NotSpecified: (FAIL   
  __tests__/...ontext.tes   
 t.tsx:String) [], Remot    
eException
    + FullyQualifiedErrorId 
    : NativeCommandError
 
  ΓùÅ Test suite failed to 
run

    Cannot find module 
'../../utils/firebase' from 
'__tests__/src/contexts/Auth
Context.test.tsx'

    [0m [90m 16 |[39m
     [90m 17 |[39m 
[90m// Mock Firebase[39m
    
[31m[1m>[22m[39m[90m 
18 |[39m jest[33m.[39mmoc
k([32m'../../utils/firebase
'[39m[33m,[39m () 
[33m=>[39m ({
     [90m    |[39m      
[31m[1m^[22m[39m
     [90m 19 |[39m   
auth[33m:[39m {
     [90m 20 |[39m     
currentUser[33m:[39m 
[36mnull[39m[33m,[39m
     [90m 21 |[39m   
}[33m,[39m[0m

      at Resolver._throwModN
otFoundError (node_modules/j
est-resolve/build/index.js:8
63:11)
      at Object.mock (__test
s__/src/contexts/AuthContext
.test.tsx:18:6)

FAIL __tests__/src/contexts/
StudentContext.test.tsx
  ΓùÅ Test suite failed to 
run

    Cannot find module '../.
./contexts/AuthContext' 
from '__tests__/src/contexts
/StudentContext.test.tsx'

    [0m [90m 16 |[39m 
[90m// Mock useAuth before 
importing 
StudentContext[39m
     [90m 17 |[39m 
[36mconst[39m 
mockUser[33m:[39m any 
[33m=[39m { 
linkedStudents[33m:[39m 
[] }[33m;[39m
    
[31m[1m>[22m[39m[90m 
18 |[39m jest[33m.[39mmoc
k([32m'../../contexts/AuthC
ontext'[39m[33m,[39m () 
[33m=>[39m ({
     [90m    |[39m      
[31m[1m^[22m[39m
     [90m 19 |[39m   
useAuth[33m:[39m () 
[33m=>[39m ({
     [90m 20 |[39m     
user[33m:[39m 
mockUser[33m,[39m
     [90m 21 |[39m   
})[33m,[39m[0m

      at Resolver._throwModN
otFoundError (node_modules/j
est-resolve/build/index.js:8
63:11)
      at Object.mock (__test
s__/src/contexts/StudentCont
ext.test.tsx:18:6)

FAIL __tests__/src/utils/cac
he.test.ts
  ΓùÅ Test suite failed to 
run

    ReferenceError: You are 
trying to `import` a file 
outside of the scope of the 
test code.

      at 
Runtime._execModule (node_mo
dules/jest-runtime/build/ind
ex.js:1216:13)
      at require (node_modul
es/expo/src/winter/runtime.n
ative.ts:20:43)
      at getValue (node_modu
les/expo/src/winter/installG
lobal.ts:97:21)
      at Object.get [as 
__ExpoImportMetaRegistry] (n
ode_modules/expo/src/winter/
installGlobal.ts:44:16)

FAIL __tests__/app/(tabs)/ho
me.test.tsx
  ΓùÅ Test suite failed to 
run

    ReferenceError: You are 
trying to `import` a file 
outside of the scope of the 
test code.

      at 
Runtime._execModule (node_mo
dules/jest-runtime/build/ind
ex.js:1216:13)
      at require (node_modul
es/expo/src/winter/runtime.n
ative.ts:20:43)
      at getValue (node_modu
les/expo/src/winter/installG
lobal.ts:97:21)
      at Object.get [as 
__ExpoImportMetaRegistry] (n
ode_modules/expo/src/winter/
installGlobal.ts:44:16)

FAIL __tests__/app/(auth)/pr
ivacy-policy.test.tsx
  ΓùÅ Test suite failed to 
run

    ReferenceError: You are 
trying to `import` a file 
outside of the scope of the 
test code.

      at 
Runtime._execModule (node_mo
dules/jest-runtime/build/ind
ex.js:1216:13)
      at require (node_modul
es/expo/src/winter/runtime.n
ative.ts:20:43)
      at getValue (node_modu
les/expo/src/winter/installG
lobal.ts:97:21)
      at Object.get [as 
__ExpoImportMetaRegistry] (n
ode_modules/expo/src/winter/
installGlobal.ts:44:16)

FAIL __tests__/app/(auth)/te
rms-conditions.test.tsx
  ΓùÅ Test suite failed to 
run

    ReferenceError: You are 
trying to `import` a file 
outside of the scope of the 
test code.

      at 
Runtime._execModule (node_mo
dules/jest-runtime/build/ind
ex.js:1216:13)
      at require (node_modul
es/expo/src/winter/runtime.n
ative.ts:20:43)
      at getValue (node_modu
les/expo/src/winter/installG
lobal.ts:97:21)
      at Object.get [as 
__ExpoImportMetaRegistry] (n
ode_modules/expo/src/winter/
installGlobal.ts:44:16)

